
Running 3 tests using 1 worker

  ✘  1 verification/verify_step3_modal.spec.js:46:3 › Step 3 Modal Logic › Replacement type fetches employees and updates dropdown (6ms)
  ✘  2 verification/verify_step3_modal.spec.js:62:3 › Step 3 Modal Logic › Additional type shows form and toggles seasonal fields (5ms)
  ✘  3 verification/verify_step3_modal.spec.js:81:3 › Step 3 Modal Logic › addPositionField maintains correct visibility for seasonal fields (5ms)


  1) verification/verify_step3_modal.spec.js:46:3 › Step 3 Modal Logic › Replacement type fetches employees and updates dropdown

    Error: browserType.launch: Executable doesn't exist at /home/jules/.cache/ms-playwright/chromium_headless_shell-1217/chrome-headless-shell-linux64/chrome-headless-shell
    ╔════════════════════════════════════════════════════════════╗
    ║ Looks like Playwright was just installed or updated.       ║
    ║ Please run the following command to download new browsers: ║
    ║                                                            ║
    ║     npx playwright install                                 ║
    ║                                                            ║
    ║ <3 Playwright Team                                         ║
    ╚════════════════════════════════════════════════════════════╝

    Error Context: test-results/verification-verify_step3_-204c5-loyees-and-updates-dropdown/error-context.md

  2) verification/verify_step3_modal.spec.js:62:3 › Step 3 Modal Logic › Additional type shows form and toggles seasonal fields

    Error: browserType.launch: Executable doesn't exist at /home/jules/.cache/ms-playwright/chromium_headless_shell-1217/chrome-headless-shell-linux64/chrome-headless-shell
    ╔════════════════════════════════════════════════════════════╗
    ║ Looks like Playwright was just installed or updated.       ║
    ║ Please run the following command to download new browsers: ║
    ║                                                            ║
    ║     npx playwright install                                 ║
    ║                                                            ║
    ║ <3 Playwright Team                                         ║
    ╚════════════════════════════════════════════════════════════╝

    Error Context: test-results/verification-verify_step3_-4553b-and-toggles-seasonal-fields/error-context.md

  3) verification/verify_step3_modal.spec.js:81:3 › Step 3 Modal Logic › addPositionField maintains correct visibility for seasonal fields

    Error: browserType.launch: Executable doesn't exist at /home/jules/.cache/ms-playwright/chromium_headless_shell-1217/chrome-headless-shell-linux64/chrome-headless-shell
    ╔════════════════════════════════════════════════════════════╗
    ║ Looks like Playwright was just installed or updated.       ║
    ║ Please run the following command to download new browsers: ║
    ║                                                            ║
    ║     npx playwright install                                 ║
    ║                                                            ║
    ║ <3 Playwright Team                                         ║
    ╚════════════════════════════════════════════════════════════╝

    Error Context: test-results/verification-verify_step3_-a7ddc-ibility-for-seasonal-fields/error-context.md

  3 failed
    verification/verify_step3_modal.spec.js:46:3 › Step 3 Modal Logic › Replacement type fetches employees and updates dropdown
    verification/verify_step3_modal.spec.js:62:3 › Step 3 Modal Logic › Additional type shows form and toggles seasonal fields
    verification/verify_step3_modal.spec.js:81:3 › Step 3 Modal Logic › addPositionField maintains correct visibility for seasonal fields
